screen/index.ts
  Notify: type
  Screen: class{generation,notify,resize,snapshot,subscribe,write}
  Snapshot: type
  newScreen: function

wrapper/index.ts
  ClassifierFunc: function
  ErrAuth: number=2
  ErrBilling: number=3
  ErrBinaryNotFound: object{code,name}
  ErrContextOverflow: number=5
  ErrInvalidConfig: object{code,name}
  ErrModelNotFound: number=4
  ErrNone: number=0
  ErrPTYAllocation: object{code,name}
  ErrPTYRead: object{code,name}
  ErrRateLimited: number=1
  ErrTimeout: number=6
  ErrTransient: number=7
  ErrUnknown: number=8
  EventChannel: class{close,emit,receive}
  Session: class{acquireWriter,classifyOnExit,emitClassifierTrace,events,forwardStdin,onOutput,pid,recentOutput,recordStatusChange,resize,snapshot,start,startClassifier,stop,supervise,terminate,wait,writeStdin}
  StatusAPIError: string="api_error"
  StatusBinaryNotFound: string="binary_not_found"
  StatusBlockedByCost: string="blocked_by_cost"
  StatusFailed: string="failed"
  StatusIdle: string="idle"
  StatusInterrupted: string="interrupted"
  StatusRetryLater: string="retry_later"
  StatusStale: string="stale"
  StatusUnknown: string="unknown"
  StatusWaitingForInput: string="waiting_for_input"
  argsWithHarnessEffort: function
  argsWithHarnessModel: function
  classifyExit: function
  classifyOutput: function
  errorClassString: function
  harnessSupportsEffort: function
  isBinaryNotFound: function
  isSupportedEffort: function
  run: function
  start: function
  trace: object{Discard,newLogAdapter,newWriterEmitter}
  validateConfig: function

turns/index.ts
  Adapter: type
  Blocked: string="blocked"
  BusyDetector: type
  Errored: string="errored"
  Event: type
  InputOption: type
  InputRequest: type
  InputRequested: string="input_requested"
  InputResolved: string="input_resolved"
  Kind: type
  MessageExtractor: type
  Quitter: type
  RawSessionIDExtractor: type
  SessionControlFlags: type
  SessionEvent: type
  SessionIDExtractor: type
  SessionIDLocator: type
  SessionIDPrimer: type
  SessionInitializer: type
  SessionLike: type
  SessionResumer: type
  Status: type
  StatusAPIError: string="api_error"
  StatusBinaryNotFound: string="binary_not_found"
  StatusBlockedByCost: string="blocked_by_cost"
  StatusFailed: string="failed"
  StatusIdle: string="idle"
  StatusInterrupted: string="interrupted"
  StatusRetryLater: string="retry_later"
  StatusStale: string="stale"
  StatusUnknown: string="unknown"
  StatusWaitingForInput: string="waiting_for_input"
  ToolCall: string="tool_call"
  TranscriptReader: type
  Turn: type
  TurnComplete: string="turn_complete"
  Watch: function
  Watcher: class{close,events,pumpDone,send}
  claudecode: object{ClaudeCodeAdapter,DetectInput,New}
  codex: object{AutoDismissKeys,CODEX_STATUS_MIN_COLS,CodexAdapter,DetectInput,KindModelMigration,KindNotice,KindUpdateNotice,New,PromptReady}
  generic: object{GenericAdapter,New}
  opencode: object{New,OpenCodeAdapter}
  pi: object{New,PiAdapter,PromptReady}

transcript/index.ts
  ClaudeCodeReader: class{locate,read,readUsage,resolveRoot}
  CodexReader: class{locate,locateLatestSession,read,readUsage,resolveRoot}
  ErrEmptySessionID: object{code,name}
  ErrEmptyWorkingDir: object{code,name}
  ErrSessionNotFound: object{code,name}
  Event: type
  EventEnvelope: type
  EventSessionMeta: string="session_meta"
  EventText: string="text"
  EventToolResult: string="tool_result"
  EventToolUse: string="tool_use"
  ParsedEvent: type
  PiReader: class{configDir,locate,read,sessionsDir}
  Reader: type
  RoleAssistant: string="assistant"
  RoleSystem: string="system"
  RoleTool: string="tool"
  RoleUser: string="user"
  SchemaVersion: number=1
  SourceFile: string="file"
  SourceLive: string="live"
  Turn: type
  Usage: type
  claudecodeEvents: function
  codexEvents: function
  encodedCWD: function
  envelope: function
  eventID: function
  locateLatestSession: function
  marshalParsedEvents: function
  parseRollout: function
  readSessionMeta: function
  slugForCwd: function
  toPublicJSON: function
  turnsFromEvents: function
  unmarshalParsedEvents: function
  usageFromClaudeJSONL: function
  usageFromCodexJSONL: function
  usageToPublicJSON: function

chat/index.ts
  Adapter: type
  Backend: type
  Conversation: class{acquireControl,adapterBusy,adapterPromptNotAccepted,adapterQuitSequence,adapterRawSessionID,answer,assistantText,awaitComposerEcho,awaitPromptReady,awaitPromptReadyUntil,captureAndPersistSessionID,captureFromScreen,captureRawSessionID,captureTranscriptWatermark,close,consumeWatcher,echoBoundDur,emit,events,extractSessionID,getAdapter,handleInputRequested,handleInputResolved,handleTurnsEvent,history,historyWithSource,idleCompletionWatcher,idleGapDur,inputAwaitingClient,isClosed,markerGapDur,maybeExtractSessionID,maybeIdleComplete,policyOption,primeBoundDur,primeSessionID,quit,readTranscriptTurns,screenSnapshot,send,sessionID,signalInputState,startPumps,transcriptOverrideEligible,transcriptProofOfCurrentTurn,tryAutoDismissCodex,tryResolveInput,tryTranscriptProof,waitReadyForSend,wrapper,writeAnswer,writeKeys,writeMessageAndSubmit}
  ConversationEvent: type
  Disposition: type
  DispositionAnswer: string="answer"
  DispositionAsk: string="ask"
  DispositionDeny: string="deny"
  DispositionKind: type
  ErrClosed: object{code,name}
  ErrInputPending: object{code,name}
  ErrInvalidOptions: object{code,name}
  ErrNoControl: object{code,name}
  ErrNoHarnessSession: object{code,name}
  ErrNoInputPending: object{code,name}
  ErrQuitUnsupported: object{code,name}
  ErrResumeUnsupported: object{code,name}
  ErrStaleInputRequest: object{code,name}
  ErrTurnInFlight: object{code,name}
  ErrUnknownHarness: object{code,name}
  ErrUnknownOption: object{code,name}
  EventInputRequest: string="input_request"
  EventInputResolved: string="input_resolved"
  EventStream: type
  EventTurn: string="turn"
  EventType: type
  HistorySource: type
  HistorySourceStore: string="store"
  HistorySourceTranscript: string="transcript"
  InputAnswer: type
  InputOption: type
  InputPolicy: type
  InputRequest: type
  MemStore: class{appendTurn,createSession,getSession,listTurns,updateSession,updateTurn}
  Open: function
  Options: type
  Reopen: function
  ReopenOptions: type
  Role: type
  RoleAssistant: string="assistant"
  RoleSystem: string="system"
  RoleUser: string="user"
  Session: type
  StartConfig: type
  Store: type
  TranscriptTurn: type
  Turn: type
  TurnEvent: type
  TurnEventKind: type
  TurnState: type
  TurnStateComplete: string="complete"
  TurnStateErrored: string="errored"
  TurnStatePending: string="pending"
  TurnStateStreaming: string="streaming"
  TurnsInputOption: type
  TurnsInputRequest: type
  Watcher: type
  WrapperSession: type
  cleanHarnessEnv: function
  newMemStore: function
  readyForInput: function
  requiresPromptReadiness: function
  resolveAdapter: function
  submitKeyForHarness: function

discovery/index.ts
  DiscoverModelsOptions: type
  Info: type
  ModelInfo: type
  Probe: type
  SemverDashVProbe: class{detect}
  WELL_KNOWN_DIRS: object{0,1,2,3}
  defaultModel: function
  defaultProbeTimeoutMs: number=10000
  discover: function
  discoverModels: function
  isKnownModel: function
  knownModels: function
  lookup: function
  parseModelPicker: function
  registerProbe: function
  resetCache: function
  resolvePath: function
  semverRe: object{}

versions/index.ts
  Entry: type
  all: function
  errEmptyBinary: object{code,name}
  errEmptyPackage: object{code,name}
  errParse: object{code,name}
  errRead: object{code,name}
  errVerifiedAtWithoutPinned: object{code,name}
  pinned: function
  readFrom: function

env/index.ts
  Capability: type
  ContainerWorkspace: class{destroy,download,exec,guestPath,hostAlias,upload}
  Containment: type
  ContainmentLayer: type
  CredentialInjector: type
  EnvConfig: type
  Environment: type
  ExecOpts: type
  ExecResult: type
  Outcome: type
  PolicySpec: type
  Provisioner: type
  Redactor: type
  Retention: type
  TeardownError: class{}
  TranscriptRetrievalUnsupportedError: class{}
  TurnConfig: type
  TurnProtocolError: class{}
  Workspace: type
  WorkspaceSpec: type
  argvToShell: function
  compose: function
  detectContainerRuntime: function
  env: function
  envPrefixedShell: function
  local: function
  none: function
  runStructuredTurn: function
  shQuote: function
  shouldKeep: function

env-openshell/index.ts
  OpenShellContainment: class{acquire,layer,name,preflight}
  generatePolicy: function
  openshell: function
  resolveGuestUrl: function
  sandboxName: function

env-daytona/index.ts
  CREDENTIAL_SENSITIVE_ENV_NAMES: object{0,1,10,11,12,13,2,3,4,5,6,7,8,9}
  DaytonaConfig: type
  SweepResult: type
  credentialLeakProbe: function
  daytona: function
  fileCredentialInjector: function
  sweep: function

index.ts
  VERSION: string="0.0.0"
